// Jest Snapshot v1, https://goo.gl/fbAQLP

exports[`snapshot 1`] = `
<div
  className="App"
>
  <h1>
    hello world
  </h1>
  <div>
    Ein Jahr hat 
    8760
     Stunden
  </div>
  <div>
    Heute ist der 
    2019-11-20
    .
  </div>
  <div>
    <a
      href="https://en.wikipedia.org/wiki/React"
    >
      some article
    </a>
  </div>
  <div>
    <button
      onClick={[Function]}
    >
      Say Hello
    </button>
  </div>
  <span>
    abc
  </span>
   
  <span>
    def
  </span>
  <h2>
    counter
  </h2>
  <div>
    <button
      className="btn"
      onClick={[Function]}
    >
      0
    </button>
    <button
      className="btn"
      onClick={[Function]}
    >
      Reset
    </button>
  </div>
  <div>
    <button
      className="btn"
      onClick={[Function]}
    >
      0
    </button>
    <button
      className="btn"
      onClick={[Function]}
    >
      Reset
    </button>
  </div>
  <h2>
    slideshow
  </h2>
  <div>
    <button
      className="MuiButtonBase-root MuiButton-root MuiButton-contained MuiButton-containedPrimary"
      disabled={false}
      onBlur={[Function]}
      onClick={[Function]}
      onDragLeave={[Function]}
      onFocus={[Function]}
      onKeyDown={[Function]}
      onKeyUp={[Function]}
      onMouseDown={[Function]}
      onMouseLeave={[Function]}
      onMouseUp={[Function]}
      onTouchEnd={[Function]}
      onTouchMove={[Function]}
      onTouchStart={[Function]}
      tabIndex={0}
      type="button"
    >
      <span
        className="MuiButton-label"
      >
        prev
      </span>
    </button>
    <img
      alt="slideshow"
      src="https://picsum.photos/200?image=10"
    />
    <button
      className="MuiButtonBase-root MuiButton-root MuiButton-contained MuiButton-containedPrimary"
      disabled={false}
      onBlur={[Function]}
      onClick={[Function]}
      onDragLeave={[Function]}
      onFocus={[Function]}
      onKeyDown={[Function]}
      onKeyUp={[Function]}
      onMouseDown={[Function]}
      onMouseLeave={[Function]}
      onMouseUp={[Function]}
      onTouchEnd={[Function]}
      onTouchMove={[Function]}
      onTouchStart={[Function]}
      tabIndex={0}
      type="button"
    >
      <span
        className="MuiButton-label"
      >
        next
      </span>
    </button>
  </div>
  <h2>
    Login
  </h2>
  <form>
    <div>
      <input
        onChange={[Function]}
        value=""
      />
    </div>
    <div>
      <input
        onChange={[Function]}
        type="password"
        value=""
      />
    </div>
    <div>
      Password strength: 
      0
    </div>
  </form>
  <h1>
    Todo
  </h1>
  <ul
    className="todolist"
  >
    <li
      className="todo"
    >
      TODO
      : 
      groceries
    </li>
    <li
      className="todo completed"
    >
      DONE
      : 
      cooking
    </li>
    <li
      className="todo"
    >
      TODO
      : 
      gardening
    </li>
  </ul>
  <h2>
    Rating
  </h2>
  <div>
    <span
      onClick={[Function]}
    >
      ★
    </span>
    <span
      onClick={[Function]}
    >
      ★
    </span>
    <span
      onClick={[Function]}
    >
      ★
    </span>
    <span
      onClick={[Function]}
    >
      ☆
    </span>
    <span
      onClick={[Function]}
    >
      ☆
    </span>
    <span
      onClick={[Function]}
    >
      ☆
    </span>
  </div>
  <h2>
    Reviews
  </h2>
  <div>
    <div>
      <div>
        <span
          onClick={[Function]}
        >
          ★
        </span>
        <span
          onClick={[Function]}
        >
          ★
        </span>
        <span
          onClick={[Function]}
        >
          ★
        </span>
        <span
          onClick={[Function]}
        >
          ★
        </span>
        <span
          onClick={[Function]}
        >
          ★
        </span>
        <span
          onClick={[Function]}
        >
          ☆
        </span>
      </div>
      <div>
        <span
          onClick={[Function]}
        >
          ★
        </span>
        <span
          onClick={[Function]}
        >
          ★
        </span>
        <span
          onClick={[Function]}
        >
          ★
        </span>
        <span
          onClick={[Function]}
        >
          ☆
        </span>
        <span
          onClick={[Function]}
        >
          ☆
        </span>
        <span
          onClick={[Function]}
        >
          ☆
        </span>
      </div>
    </div>
    <div>
      average: 
      <div>
        <span
          onClick={[Function]}
        >
          ★
        </span>
        <span
          onClick={[Function]}
        >
          ★
        </span>
        <span
          onClick={[Function]}
        >
          ★
        </span>
        <span
          onClick={[Function]}
        >
          ★
        </span>
        <span
          onClick={[Function]}
        >
          ☆
        </span>
        <span
          onClick={[Function]}
        >
          ☆
        </span>
      </div>
    </div>
  </div>
</div>
`;
