// Jest Snapshot v1, https://goo.gl/fbAQLP

exports[`matches the snapshot 1`] = `
<li
  style="padding: 0.5em; background-color: lightblue; text-decoration: none;"
>
  <input
    type="checkbox"
  />
  TODO: 
  abc
  <button
    class="MuiButtonBase-root MuiButton-root MuiButton-text"
    tabindex="0"
    type="button"
  >
    <span
      class="MuiButton-label"
    >
      delete
    </span>
    <span
      class="MuiTouchRipple-root"
    />
  </button>
</li>
`;
