// Jest Snapshot v1, https://goo.gl/fbAQLP

exports[`renders correctly 1`] = `
Array [
  <span
    className="star-active"
    onClick={[Function]}
  >
    ★
  </span>,
  <span
    className="star-active"
    onClick={[Function]}
  >
    ★
  </span>,
  <span
    className="star-inactive"
    onClick={[Function]}
  >
    ☆
  </span>,
  <span
    className="star-inactive"
    onClick={[Function]}
  >
    ☆
  </span>,
  <span
    className="star-inactive"
    onClick={[Function]}
  >
    ☆
  </span>,
]
`;
