// Jest Snapshot v1, https://goo.gl/fbAQLP

exports[`matches the snapshot 1`] = `
<ul>
  <li
    style="background-color: salmon;"
  >
    todo: 
    groceries
  </li>
  <li
    style="background-color: lightgrey;"
  >
    done: 
    cooking
  </li>
  <li
    style="background-color: salmon;"
  >
    todo: 
    gardening
  </li>
</ul>
`;
