// Jest Snapshot v1, https://goo.gl/fbAQLP

exports[`renders correctly 1`] = `
<div>
  <span
    onClick={[Function]}
  >
    ★
  </span>
  <span
    onClick={[Function]}
  >
    ★
  </span>
  <span
    onClick={[Function]}
  >
    ☆
  </span>
  <span
    onClick={[Function]}
  >
    ☆
  </span>
  <span
    onClick={[Function]}
  >
    ☆
  </span>
</div>
`;

exports[`renders correctly 2`] = `
<div>
  <span
    onClick={[Function]}
  >
    ★
  </span>
  <span
    onClick={[Function]}
  >
    ★
  </span>
  <span
    onClick={[Function]}
  >
    ★
  </span>
  <span
    onClick={[Function]}
  >
    ★
  </span>
  <span
    onClick={[Function]}
  >
    ★
  </span>
</div>
`;
